Microchip MPLAB XC8 Compiler V1.45 ()

Linker command line:

-W-3 --edf=/opt/microchip/xc8/v1.45/dat/en_msgs.txt -cs \
  -h+dist/default/production/remote_rx.X.production.sym \
  --cmf=dist/default/production/remote_rx.X.production.cmf -z -Q18LF1320 \
  -o/tmp/xcXLXhktn -Mdist/default/production/remote_rx.X.production.map -E1 \
  -ver=XC8 -ASTACK=080h-0ffh -pstack=STACK -ACODE=00h-01FFFh \
  -ACONST=00h-01FFFh -ASMALLCONST=0100h-01FFhx31 -AMEDIUMCONST=0100h-01FFFh \
  -ACOMRAM=01h-07Fh -AABS1=00h-0FFh -ABIGRAM=01h-0FFh -ARAM=080h-0FFh \
  -ABANK0=080h-0FFh -ASFR=0F80h-0FFFh \
  -preset_vec=00h,intcode=08h,intcodelo=018h,powerup,init -pramtop=0100h \
  -psmallconst=SMALLCONST -pmediumconst=MEDIUMCONST -pconst=CONST \
  -AFARRAM=00h-00h -ACONFIG=0300000h-030000Dh -pconfig=CONFIG \
  -AIDLOC=0200000h-0200007h -pidloc=IDLOC -AEEDATA=0F00000h-0F000FFh \
  -peeprom_data=EEDATA \
  -prdata=COMRAM,nvrram=COMRAM,nvbit=COMRAM,rbss=COMRAM,rbit=COMRAM \
  -pfarbss=FARRAM,fardata=FARRAM,nvFARRAM=FARRAM \
  -pintsave_regs=BIGRAM,bigbss=BIGRAM,bigdata=BIGRAM -pbss=RAM \
  -pidata=CODE,irdata=CODE,ibigdata=CODE,ifardata=CODE -prparam=COMRAM \
  /tmp/xcXFOiM9M.obj dist/default/production/remote_rx.X.production.obj 

Object code version is 3.11

Machine type is 18LF1320

Call graph: (short form)




                Name                               Link     Load   Length Selector   Space Scale
/tmp/xcXFOiM9M.obj
                init                                 C6       C6        4        C       0
                reset_vec                             0        0        4        0       0
                idloc                            200000   200000        8   200000       0
                config                           300000   300000        E   300000       0
dist/default/production/remote_rx.X.production.obj
                intcodelo                            18       18       AE        C       0
                intcode                               8        8        6        4       0
                temp                                 30       30        1        1       1
                text7                               2A0      2A0       10        C       0
                text6                               1A0      1A0       6C        C       0
                intcode_body                         CA       CA       D6        C       0
                text3                               2BE      2BE        C        C       0
                text2                               2CE      2CE        2        C       0
                text1                               2B0      2B0        E        C       0
                text0                               20C      20C       60        C       0
                cstackCOMRAM                          1        1       28        1       1
                dataCOMRAM                           29       29        4        1       1
                bssCOMRAM                            2D       2D        3        1       1
                cinit                               26C      26C       34        C       0
                idataCOMRAM                         2CA      2CA        4        C       0

TOTAL           Name                               Link     Load   Length     Space
        CLASS   STACK          

        CLASS   CODE           
                intcodelo                            18       18       AE         0
                intcode                               8        8        6         0
                init                                 C6       C6        4         0
                reset_vec                             0        0        4         0
                text7                               2A0      2A0       10         0
                text6                               1A0      1A0       6C         0
                intcode_body                         CA       CA       D6         0
                text3                               2BE      2BE        C         0
                text2                               2CE      2CE        2         0
                text1                               2B0      2B0        E         0
                text0                               20C      20C       60         0
                cinit                               26C      26C       34         0
                idataCOMRAM                         2CA      2CA        4         0

        CLASS   CONST          

        CLASS   SMALLCONST     

        CLASS   MEDIUMCONST    

        CLASS   COMRAM         
                temp                                 30       30        1         1
                cstackCOMRAM                          1        1       28         1
                dataCOMRAM                           29       29        4         1
                bssCOMRAM                            2D       2D        3         1

        CLASS   ABS1           

        CLASS   BIGRAM         

        CLASS   RAM            

        CLASS   BANK0          

        CLASS   SFR            

        CLASS   FARRAM         

        CLASS   CONFIG         
                config                           300000   300000        E         0

        CLASS   IDLOC          
                idloc                            200000   200000        8         0

        CLASS   EEDATA         



SEGMENTS        Name                           Load    Length   Top    Selector   Space  Class

                reset_vec                      000000  000004  000004         0       0  CODE    
                cstackCOMRAM                   000001  000030  000031         1       1  COMRAM  
                intcode                        000008  000006  00000E         4       0  CODE    
                intcodelo                      000018  0002B8  0002D0         C       0  CODE    
                idloc                          200000  000008  200008    200000       0  IDLOC   
                config                         300000  00000E  30000E    300000       0  CONFIG  


UNUSED ADDRESS RANGES

        Name                Unused          Largest block    Delta
        BANK0            000080-0000FF               80
        BIGRAM           000031-0000FF               CF
        CODE             000004-000007                4
                         00000E-000017                A
                         0002D0-001FFF             1D30
        COMRAM           000031-00007F               4F
        CONST            000004-000007                4
                         00000E-000017                A
                         0002D0-001FFF             1D30
        EEDATA           F00000-F000FF              100
        MEDIUMCONST      0002D0-001FFF             1D30
        RAM              000080-0000FF               80
        SFR              000F80-000FFF               80
        SMALLCONST       0002D0-001FFF              100
        STACK            000080-0000FF               80

                                  Symbol Table

_ADCON1                  (abs)        000FC1
_BAUDCTL                 (abs)        000FAA
_INTCONbits              (abs)        000FF2
_LATAbits                (abs)        000F89
_OSCCON                  (abs)        000FD3
_OSCTUNE                 (abs)        000F9B
_PIE1bits                (abs)        000F9D
_PIR1bits                (abs)        000F9E
_RCREG                   (abs)        000FAE
_RCSTA                   (abs)        000FAB
_SPBRG                   (abs)        000FAF
_T0CON                   (abs)        000FD5
_TMR0                    (abs)        000FD6
_TRISAbits               (abs)        000F92
_TXREG                   (abs)        000FAD
_TXSTA                   (abs)        000FAC
__CFG_BOR$ON             (abs)        000000
__CFG_BORV$27            (abs)        000000
__CFG_CP0$OFF            (abs)        000000
__CFG_CP1$OFF            (abs)        000000
__CFG_CPB$OFF            (abs)        000000
__CFG_CPD$OFF            (abs)        000000
__CFG_EBTR0$OFF          (abs)        000000
__CFG_EBTR1$OFF          (abs)        000000
__CFG_EBTRB$OFF          (abs)        000000
__CFG_FSCM$ON            (abs)        000000
__CFG_IESO$ON            (abs)        000000
__CFG_LVP$OFF            (abs)        000000
__CFG_MCLRE$ON           (abs)        000000
__CFG_OSC$INTIO2         (abs)        000000
__CFG_PWRT$ON            (abs)        000000
__CFG_STVR$ON            (abs)        000000
__CFG_WDT$ON             (abs)        000000
__CFG_WDTPS$32768        (abs)        000000
__CFG_WRT0$OFF           (abs)        000000
__CFG_WRT1$OFF           (abs)        000000
__CFG_WRTB$OFF           (abs)        000000
__CFG_WRTC$OFF           (abs)        000000
__CFG_WRTD$OFF           (abs)        000000
__HRAM                   (abs)        000000
__Habs1                  abs1         000000
__Hbank0                 bank0        000000
__Hbigbss                bigbss       000000
__Hbigdata               bigdata      000000
__Hbigram                bigram       000000
__Hbss                   bss          000000
__HbssCOMRAM             bssCOMRAM    000000
__Hcinit                 cinit        000000
__Hclrtext               clrtext      000000
__Hcomram                comram       000000
__Hconfig                config       30000E
__Hconst                 const        000000
__HcstackCOMRAM          cstackCOMRAM 000000
__Hdata                  data         000000
__HdataCOMRAM            dataCOMRAM   000000
__Heeprom_data           eeprom_data  000000
__Hfarbss                farbss       000000
__Hfardata               fardata      000000
__Hibigdata              ibigdata     000000
__Hidata                 idata        000000
__HidataCOMRAM           idataCOMRAM  000000
__Hidloc                 idloc        200008
__Hifardata              ifardata     000000
__Hinit                  init         0000CA
__Hintcode               intcode      00000E
__Hintcode_body          intcode_body 000000
__Hintcodelo             intcodelo    0000C6
__Hintentry              intentry     000000
__Hintret                intret       000000
__Hintsave_regs          intsave_regs 000000
__Hirdata                irdata       000000
__Hmediumconst           mediumconst  000000
__HnvFARRAM              nvFARRAM     000000
__Hnvbit                 nvbit        000000
__Hnvrram                nvrram       000000
__Hparam                 rparam       000000
__Hpowerup               powerup      0000C6
__Hram                   ram          000000
__Hramtop                ramtop       000100
__Hrbit                  rbit         000000
__Hrbss                  rbss         000000
__Hrdata                 rdata        000000
__Hreset_vec             reset_vec    000004
__Hrparam                rparam       000000
__Hsfr                   sfr          000000
__Hsmallconst            smallconst   000000
__Hspace_0               (abs)        30000E
__Hspace_1               (abs)        000031
__Hspace_2               (abs)        000000
__Hstack                 stack        000000
__Hstruct                struct       000000
__Htemp                  temp         000031
__Htext                  text         000000
__Htext0                 text0        000000
__Htext1                 text1        000000
__Htext2                 text2        000000
__Htext3                 text3        000000
__Htext6                 text6        000000
__Htext7                 text7        000000
__Htext8                 text8        000000
__LRAM                   (abs)        000001
__Labs1                  abs1         000000
__Lbank0                 bank0        000000
__Lbigbss                bigbss       000000
__Lbigdata               bigdata      000000
__Lbigram                bigram       000000
__Lbss                   bss          000000
__LbssCOMRAM             bssCOMRAM    000000
__Lcinit                 cinit        000000
__Lclrtext               clrtext      000000
__Lcomram                comram       000000
__Lconfig                config       300000
__Lconst                 const        000000
__LcstackCOMRAM          cstackCOMRAM 000000
__Ldata                  data         000000
__LdataCOMRAM            dataCOMRAM   000000
__Leeprom_data           eeprom_data  000000
__Lfarbss                farbss       000000
__Lfardata               fardata      000000
__Libigdata              ibigdata     000000
__Lidata                 idata        000000
__LidataCOMRAM           idataCOMRAM  000000
__Lidloc                 idloc        200000
__Lifardata              ifardata     000000
__Linit                  init         0000C6
__Lintcode               intcode      000008
__Lintcode_body          intcode_body 000000
__Lintcodelo             intcodelo    000018
__Lintentry              intentry     000000
__Lintret                intret       000000
__Lintsave_regs          intsave_regs 000000
__Lirdata                irdata       000000
__Lmediumconst           mediumconst  000000
__LnvFARRAM              nvFARRAM     000000
__Lnvbit                 nvbit        000000
__Lnvrram                nvrram       000000
__Lparam                 rparam       000000
__Lpowerup               powerup      0000C6
__Lram                   ram          000000
__Lramtop                ramtop       000100
__Lrbit                  rbit         000000
__Lrbss                  rbss         000000
__Lrdata                 rdata        000000
__Lreset_vec             reset_vec    000000
__Lrparam                rparam       000000
__Lsfr                   sfr          000000
__Lsmallconst            smallconst   000000
__Lspace_0               (abs)        000000
__Lspace_1               (abs)        000000
__Lspace_2               (abs)        000000
__Lstack                 stack        000000
__Lstruct                struct       000000
__Ltemp                  temp         000030
__Ltext                  text         000000
__Ltext0                 text0        000000
__Ltext1                 text1        000000
__Ltext2                 text2        000000
__Ltext3                 text3        000000
__Ltext6                 text6        000000
__Ltext7                 text7        000000
__Ltext8                 text8        000000
__S0                     (abs)        30000E
__S1                     (abs)        000031
__S2                     (abs)        000000
___inthi_sp              stack        000000
___intlo_sp              stack        000000
___param_bank            (abs)        000000
___rparam_used           (abs)        000001
___sp                    stack        000000
__accesstop              (abs)        000080
__activetblptr           (abs)        000002
__end_of__initialization cinit        000292
__end_of_idle            text2        0002D0
__end_of_isr             intcode_body 0001A0
__end_of_isr1            intcodelo    0000C6
__end_of_main            text0        00026C
__end_of_read_data       text6        00020C
__end_of_read_sync       text7        0002B0
__end_of_send_data       text1        0002BE
__end_of_send_sync       text3        0002CA
__initialization         cinit        00026C
__mediumconst            mediumconst  000000
__pbssCOMRAM             bssCOMRAM    00002D
__pcinit                 cinit        00026C
__pcstackCOMRAM          cstackCOMRAM 000001
__pdataCOMRAM            dataCOMRAM   000029
__pidataCOMRAM           idataCOMRAM  0002CA
__pintcode               intcode      000008
__pintcode_body          intcode_body 0000CA
__pintcodelo             intcodelo    000018
__ptext0                 text0        00020C
__ptext1                 text1        0002B0
__ptext2                 text2        0002CE
__ptext3                 text3        0002BE
__ptext6                 text6        0001A0
__ptext7                 text7        0002A0
__ptext8                 text8        000000
__ramtop                 ramtop       000100
__size_of_idle           (abs)        000000
__size_of_isr            (abs)        000000
__size_of_isr1           (abs)        000000
__size_of_main           (abs)        000000
__size_of_read_data      (abs)        000000
__size_of_read_sync      (abs)        000000
__size_of_send_data      (abs)        000000
__size_of_send_sync      (abs)        000000
__smallconst             smallconst   000000
_code                    bssCOMRAM    00002D
_flags                   bssCOMRAM    00002F
_idle                    text2        0002CE
_isr                     intcode      000008
_isr1                    intcodelo    000018
_main                    text0        00020C
_read_data               text6        0001A0
_read_sync               text7        0002A0
_rx_state                dataCOMRAM   00002B
_send_data               text1        0002B0
_send_sync               text3        0002BE
_serial_in               bssCOMRAM    00002E
_tx_state                dataCOMRAM   000029
btemp                    temp         000030
end_of_initialization    cinit        000292
int$flags                temp         000030
int_func                 intcode_body 0000CA
intlevel0                text         000000
intlevel1                text         000000
intlevel2                text         000000
intlevel3                text         000000
stackhi                  (abs)        0000FF
stacklo                  (abs)        000080
start                    init         0000C6
start_initialization     cinit        00026C
wtemp6                   temp         000031


FUNCTION INFORMATION:

 *************** function _main *****************
 Defined at:
		line 179 in file "mane.c"
 Parameters:    Size  Location     Type
		None
 Auto vars:     Size  Location     Type
		None
 Return value:  Size  Location     Type
                  1    wreg      void 
 Registers used:
		wreg, status,2, status,0, pclath, tosl, cstack
 Tracked objects:
		On entry : 
		On exit  : 
		Unchanged: 
 Data sizes:     COMRAM   BANK0
      Params:         0       0
      Locals:         0       0
      Temps:          0       0
      Totals:         0       0
Total ram usage:        0 bytes
 Hardware stack levels required when called:    4
 This function calls:
		_idle
		_send_data
		_send_sync
 This function is called by:
		Startup code after reset
 This function uses a non-reentrant model


 *************** function _send_data *****************
 Defined at:
		line 162 in file "mane.c"
 Parameters:    Size  Location     Type
		None
 Auto vars:     Size  Location     Type
		None
 Return value:  Size  Location     Type
                  1    wreg      void 
 Registers used:
		wreg, status,2, status,0
 Tracked objects:
		On entry : 
		On exit  : 
		Unchanged: 
 Data sizes:     COMRAM   BANK0
      Params:         0       0
      Locals:         0       0
      Temps:          0       0
      Totals:         0       0
Total ram usage:        0 bytes
 Hardware stack levels used:    1
 Hardware stack levels required when called:    3
 This function calls:
		Nothing
 This function is called by:
		_send_sync
		_main
 This function uses a non-reentrant model


 *************** function _idle *****************
 Defined at:
		line 174 in file "mane.c"
 Parameters:    Size  Location     Type
		None
 Auto vars:     Size  Location     Type
		None
 Return value:  Size  Location     Type
                  1    wreg      void 
 Registers used:
		None
 Tracked objects:
		On entry : 
		On exit  : 
		Unchanged: 
 Data sizes:     COMRAM   BANK0
      Params:         0       0
      Locals:         0       0
      Temps:          0       0
      Totals:         0       0
Total ram usage:        0 bytes
 Hardware stack levels used:    1
 Hardware stack levels required when called:    3
 This function calls:
		Nothing
 This function is called by:
		_send_data
		_main
 This function uses a non-reentrant model


 *************** function _send_sync *****************
 Defined at:
		line 168 in file "mane.c"
 Parameters:    Size  Location     Type
		None
 Auto vars:     Size  Location     Type
		None
 Return value:  Size  Location     Type
                  1    wreg      void 
 Registers used:
		wreg, status,2, status,0
 Tracked objects:
		On entry : 
		On exit  : 
		Unchanged: 
 Data sizes:     COMRAM   BANK0
      Params:         0       0
      Locals:         0       0
      Temps:          0       0
      Totals:         0       0
Total ram usage:        0 bytes
 Hardware stack levels used:    1
 Hardware stack levels required when called:    3
 This function calls:
		Nothing
 This function is called by:
		_read_data
		_main
 This function uses a non-reentrant model


 *************** function _isr1 *****************
 Defined at:
		line 236 in file "mane.c"
 Parameters:    Size  Location     Type
		None
 Auto vars:     Size  Location     Type
		None
 Return value:  Size  Location     Type
                  1    wreg      void 
 Registers used:
		None
 Tracked objects:
		On entry : 
		On exit  : 
		Unchanged: 
 Data sizes:     COMRAM   BANK0
      Params:         0       0
      Locals:         0       0
      Temps:         21       0
      Totals:        21       0
Total ram usage:       21 bytes
 Hardware stack levels used:    1
 Hardware stack levels required when called:    2
 This function calls:
		Nothing
 This function is called by:
		Interrupt level 1
 This function uses a non-reentrant model


 *************** function _isr *****************
 Defined at:
		line 240 in file "mane.c"
 Parameters:    Size  Location     Type
		None
 Auto vars:     Size  Location     Type
		None
 Return value:  Size  Location     Type
                  1    wreg      void 
 Registers used:
		wreg, status,2, status,0, pclath, tosl, cstack
 Tracked objects:
		On entry : 
		On exit  : 
		Unchanged: 
 Data sizes:     COMRAM   BANK0
      Params:         0       0
      Locals:         0       0
      Temps:         18       0
      Totals:        18       0
Total ram usage:       18 bytes
 Hardware stack levels used:    1
 Hardware stack levels required when called:    1
 This function calls:
		_read_data
		_read_sync
 This function is called by:
		Interrupt level 2
 This function uses a non-reentrant model


 *************** function _read_data *****************
 Defined at:
		line 126 in file "mane.c"
 Parameters:    Size  Location     Type
		None
 Auto vars:     Size  Location     Type
		None
 Return value:  Size  Location     Type
                  1    wreg      void 
 Registers used:
		wreg, status,2, status,0
 Tracked objects:
		On entry : 
		On exit  : 
		Unchanged: 
 Data sizes:     COMRAM   BANK0
      Params:         0       0
      Locals:         0       0
      Temps:          1       0
      Totals:         1       0
Total ram usage:        1 bytes
 Hardware stack levels used:    1
 This function calls:
		Nothing
 This function is called by:
		_read_sync
		_isr
 This function uses a non-reentrant model


 *************** function _read_sync *****************
 Defined at:
		line 154 in file "mane.c"
 Parameters:    Size  Location     Type
		None
 Auto vars:     Size  Location     Type
		None
 Return value:  Size  Location     Type
                  1    wreg      void 
 Registers used:
		wreg, status,2, status,0
 Tracked objects:
		On entry : 
		On exit  : 
		Unchanged: 
 Data sizes:     COMRAM   BANK0
      Params:         0       0
      Locals:         0       0
      Temps:          0       0
      Totals:         0       0
Total ram usage:        0 bytes
 Hardware stack levels used:    1
 This function calls:
		Nothing
 This function is called by:
		_read_data
		_isr
 This function uses a non-reentrant model



MODULE INFORMATION

Module		Function		Class		Link	Load	Size
mane.c
		_send_data     		CODE           	02B0	0000	15
		_main          		CODE           	020C	0000	97
		_read_sync     		CODE           	02A0	0000	17
		_isr           		CODE           	0008	0000	221
		_idle          		CODE           	02CE	0000	3
		_read_data     		CODE           	01A0	0000	109
		_isr1          		CODE           	0018	0000	175
		_send_sync     		CODE           	02BE	0000	13

mane.c estimated size: 650

shared
		__initialization		CODE           	026C	0000	39

shared estimated size: 39

